// Jest Snapshot v1, https://goo.gl/fbAQLP

exports[`Snapshot test 1`] = `
Object {
  "Outputs": Object {
    "TestStackWebhookApiGatewayEndpointD6484201": Object {
      "Value": Object {
        "Fn::Join": Array [
          "",
          Array [
            "https://",
            Object {
              "Ref": "TestStackWebhookApiGatewayC51D2EB5",
            },
            ".execute-api.eu-north-1.",
            Object {
              "Ref": "AWS::URLSuffix",
            },
            "/",
            Object {
              "Ref": "TestStackWebhookApiGatewayDeploymentStageprodC7D48548",
            },
            "/",
          ],
        ],
      },
    },
    "WebhookEndpointMyOrg": Object {
      "Value": Object {
        "Fn::Join": Array [
          "",
          Array [
            "https://",
            Object {
              "Ref": "TestStackWebhookApiGatewayC51D2EB5",
            },
            ".execute-api.eu-north-1.",
            Object {
              "Ref": "AWS::URLSuffix",
            },
            "/",
            Object {
              "Ref": "TestStackWebhookApiGatewayDeploymentStageprodC7D48548",
            },
            "/my-org",
          ],
        ],
      },
    },
    "WebhookEndpointSomeOrgMyRepo": Object {
      "Value": Object {
        "Fn::Join": Array [
          "",
          Array [
            "https://",
            Object {
              "Ref": "TestStackWebhookApiGatewayC51D2EB5",
            },
            ".execute-api.eu-north-1.",
            Object {
              "Ref": "AWS::URLSuffix",
            },
            "/",
            Object {
              "Ref": "TestStackWebhookApiGatewayDeploymentStageprodC7D48548",
            },
            "/some-other-org/my-repo",
          ],
        ],
      },
    },
  },
  "Parameters": Object {
    "BootstrapVersion": Object {
      "Default": "/cdk-bootstrap/hnb659fds/version",
      "Description": "Version of the CDK Bootstrap resources in this environment, automatically retrieved from SSM Parameter Store. [cdk:skip]",
      "Type": "AWS::SSM::Parameter::Value<String>",
    },
  },
  "Resources": Object {
    "Ami": Object {
      "Properties": Object {
        "ImageRecipeArn": Object {
          "Fn::GetAtt": Array [
            "Recipe",
            "Arn",
          ],
        },
        "InfrastructureConfigurationArn": Object {
          "Fn::GetAtt": Array [
            "AmiInfraConfig",
            "Arn",
          ],
        },
      },
      "Type": "AWS::ImageBuilder::Image",
    },
    "AmiInfraConfig": Object {
      "DependsOn": Array [
        "AmiInstanceProfile",
      ],
      "Properties": Object {
        "InstanceProfileName": "TestStack",
        "Name": "TestStack",
      },
      "Type": "AWS::ImageBuilder::InfrastructureConfiguration",
    },
    "AmiInstanceProfile": Object {
      "Properties": Object {
        "InstanceProfileName": "TestStack",
        "Path": "/executionServiceEC2Role/",
        "Roles": Array [
          Object {
            "Ref": "InstanceProfileRole5BFF5D1E",
          },
        ],
      },
      "Type": "AWS::IAM::InstanceProfile",
    },
    "GithubActionsRunnerComponent": Object {
      "Properties": Object {
        "Data": "name: InstallRunner
description: Install Github Actions runner
schemaVersion: 1.0
parameters:
  - RunnerVersion:
      type: string
      default: '2.286.0'
      description: Github Actions Runner version
phases:
  - name: build
    steps:
      - name: InstallRunner
        action: ExecuteBash
        inputs:
          commands:
            - sudo apt-get update -y
            - sudo apt-get install -y curl jq awscli
            - cd /home/ubuntu
            - sudo -u ubuntu curl -sSLO https://github.com/actions/runner/releases/download/v{{ RunnerVersion }}/actions-runner-linux-x64-{{ RunnerVersion }}.tar.gz
            - sudo -u ubuntu tar -zxvf actions-runner-linux-x64-{{ RunnerVersion }}.tar.gz
            - sudo -u ubuntu rm -f actions-runner-linux-x64-{{ RunnerVersion }}.tar.gz
            - sudo ./bin/installdependencies.sh",
        "Name": "TestStack",
        "Platform": "Linux",
        "Version": "1.0.2",
      },
      "Type": "AWS::ImageBuilder::Component",
    },
    "InstanceProfileRole5BFF5D1E": Object {
      "Properties": Object {
        "AssumeRolePolicyDocument": Object {
          "Statement": Array [
            Object {
              "Action": "sts:AssumeRole",
              "Effect": "Allow",
              "Principal": Object {
                "Service": "ec2.amazonaws.com",
              },
            },
          ],
          "Version": "2012-10-17",
        },
        "ManagedPolicyArns": Array [
          Object {
            "Fn::Join": Array [
              "",
              Array [
                "arn:",
                Object {
                  "Ref": "AWS::Partition",
                },
                ":iam::aws:policy/AmazonSSMManagedInstanceCore",
              ],
            ],
          },
          Object {
            "Fn::Join": Array [
              "",
              Array [
                "arn:",
                Object {
                  "Ref": "AWS::Partition",
                },
                ":iam::aws:policy/EC2InstanceProfileForImageBuilder",
              ],
            ],
          },
        ],
      },
      "Type": "AWS::IAM::Role",
    },
    "LaunchGithubActionsRunnerMyOrg319AD64C": Object {
      "Properties": Object {
        "PolicyDocument": Object {
          "Statement": Array [
            Object {
              "Action": Array [
                "ec2:RunInstances",
                "ec2:CreateTags",
              ],
              "Effect": "Allow",
              "Resource": "*",
            },
            Object {
              "Action": "iam:PassRole",
              "Condition": Object {
                "StringLike": Object {
                  "iam:PassedToService": "ec2.amazonaws.com",
                },
              },
              "Effect": "Allow",
              "Resource": "*",
            },
            Object {
              "Action": "ssm:getParameters",
              "Effect": "Allow",
              "Resource": "arn:aws:ssm:eu-north-1:abc-123:parameter/github/webhook/secret",
            },
            Object {
              "Action": "iam:PassRole",
              "Condition": Object {
                "StringLike": Object {
                  "iam:PassedToService": "ssm.amazonaws.com",
                },
              },
              "Effect": "Allow",
              "Resource": "*",
            },
          ],
          "Version": "2012-10-17",
        },
        "PolicyName": "LaunchGithubActionsRunnerMyOrg319AD64C",
        "Roles": Array [
          Object {
            "Ref": "WebhookLambdaMyOrgServiceRole601CB6C3",
          },
        ],
      },
      "Type": "AWS::IAM::Policy",
    },
    "LaunchGithubActionsRunnerSomeOrgMyRepo5095F690": Object {
      "Properties": Object {
        "PolicyDocument": Object {
          "Statement": Array [
            Object {
              "Action": Array [
                "ec2:RunInstances",
                "ec2:CreateTags",
              ],
              "Effect": "Allow",
              "Resource": "*",
            },
            Object {
              "Action": "iam:PassRole",
              "Condition": Object {
                "StringLike": Object {
                  "iam:PassedToService": "ec2.amazonaws.com",
                },
              },
              "Effect": "Allow",
              "Resource": "*",
            },
            Object {
              "Action": "ssm:getParameters",
              "Effect": "Allow",
              "Resource": "arn:aws:ssm:eu-north-1:abc-123:parameter/github/webhook/another-secret",
            },
            Object {
              "Action": "iam:PassRole",
              "Condition": Object {
                "StringLike": Object {
                  "iam:PassedToService": "ssm.amazonaws.com",
                },
              },
              "Effect": "Allow",
              "Resource": "*",
            },
          ],
          "Version": "2012-10-17",
        },
        "PolicyName": "LaunchGithubActionsRunnerSomeOrgMyRepo5095F690",
        "Roles": Array [
          Object {
            "Ref": "WebhookLambdaSomeOrgMyRepoServiceRole44487B8B",
          },
        ],
      },
      "Type": "AWS::IAM::Policy",
    },
    "LaunchTemplateMyOrgF14569C9": Object {
      "Properties": Object {
        "LaunchTemplateData": Object {
          "IamInstanceProfile": Object {
            "Arn": Object {
              "Fn::GetAtt": Array [
                "LaunchTemplateMyOrgProfileA9FE8E5B",
                "Arn",
              ],
            },
          },
          "ImageId": Object {
            "Fn::GetAtt": Array [
              "Ami",
              "ImageId",
            ],
          },
          "InstanceInitiatedShutdownBehavior": "terminate",
          "InstanceType": "t3.micro",
          "SecurityGroupIds": Array [
            Object {
              "Fn::GetAtt": Array [
                "SecurityGroupDD263621",
                "GroupId",
              ],
            },
          ],
          "TagSpecifications": Array [
            Object {
              "ResourceType": "instance",
              "Tags": Array [
                Object {
                  "Key": "Name",
                  "Value": "Default/TestStack/LaunchTemplate--MyOrg",
                },
              ],
            },
            Object {
              "ResourceType": "volume",
              "Tags": Array [
                Object {
                  "Key": "Name",
                  "Value": "Default/TestStack/LaunchTemplate--MyOrg",
                },
              ],
            },
          ],
          "UserData": Object {
            "Fn::Base64": "#!/bin/bash

AWS_REGION=eu-north-1
AWS_INSTANCE_TYPE=$(curl http://169.254.169.254/latest/meta-data/instance-type)
GITHUB_TOKEN_SSM_PATH=/github/actions/token
RUNNER_SCOPE=my-org
RUNNER_TIMEOUT=10m
RUNNER_GROUP=default
GITHUB_HOST=github.example.com

RUNNER_WORKDIR=_work

cd /home/ubuntu

deregister_runner() {
  echo \\"Exit signal caught, deregistering runner...\\"
  sudo -u ubuntu ./config.sh remove --unattended --token \\"\${RUNNER_TOKEN}\\"
}

init() {
  GITHUB_TOKEN=$(aws ssm get-parameters --name \${GITHUB_TOKEN_SSM_PATH} --region \${AWS_REGION} --with-decryption | jq -r .Parameters[0].Value)
  AUTH_HEADER=\\"Authorization: token \${GITHUB_TOKEN}\\"
  PARTS=(\${RUNNER_SCOPE//// })
  ORG=\${PARTS[0]}
  REPO=\${PARTS[1]}

  if [[ \${GITHUB_HOST} = \\"github.com\\" ]]; then
    BASE_URI=\\"https://api.\${GITHUB_HOST}\\"
  else
    BASE_URI=\\"https://\${GITHUB_HOST}/api/v3\\"
  fi

  if [[ -z \\"\${REPO}\\" ]]; then
    TOKEN_REGISTRATION_URL=\\"\${BASE_URI}/orgs/\${ORG}/actions/runners/registration-token\\"
  else
    TOKEN_REGISTRATION_URL=\\"\${BASE_URI}/repos/\${ORG}/\${REPO}/actions/runners/registration-token\\"
  fi

  RUNNER_TOKEN=\\"$(sudo -u ubuntu curl -XPOST -fsSL \\\\
    -H \\"Accept: application/vnd.github.v3+json\\" \\\\
    -H \\"\${AUTH_HEADER}\\" \\\\
    \\"\${TOKEN_REGISTRATION_URL}\\" \\\\
    | jq -r '.token')\\"
}

configure() {
  sudo -u ubuntu ./config.sh --url \\"https://\${GITHUB_HOST}/\${RUNNER_SCOPE}\\" \\\\
    --token \\"\${RUNNER_TOKEN}\\" \\\\
    --labels \\"vm:\${AWS_INSTANCE_TYPE}\\" \\\\
    --work \\"\${RUNNER_WORKDIR}\\" \\\\
    --runnergroup \\"\${RUNNER_GROUP}\\" \\\\
    --unattended \\\\
    --ephemeral
}

run() {
  trap deregister_runner SIGINT SIGQUIT SIGTERM INT QUIT TERM
  sudo -u ubuntu timeout --signal=15 \\"\${RUNNER_TIMEOUT}\\" ./run.sh & wait $! && return
  deregister_runner
}

echo \\"Init...\\"
init

echo \\"Configuring...\\"
configure

echo \\"Running...\\"
run

echo \\"Shutting down...\\"
sudo shutdown -h now",
          },
        },
        "LaunchTemplateName": "TestStack/MyOrg",
      },
      "Type": "AWS::EC2::LaunchTemplate",
    },
    "LaunchTemplateMyOrgProfileA9FE8E5B": Object {
      "Properties": Object {
        "Roles": Array [
          Object {
            "Ref": "RunnerRoleMyOrg9250240A",
          },
        ],
      },
      "Type": "AWS::IAM::InstanceProfile",
    },
    "LaunchTemplateSomeOrgMyRepo0DDCFE75": Object {
      "Properties": Object {
        "LaunchTemplateData": Object {
          "IamInstanceProfile": Object {
            "Arn": Object {
              "Fn::GetAtt": Array [
                "LaunchTemplateSomeOrgMyRepoProfile2245F849",
                "Arn",
              ],
            },
          },
          "ImageId": Object {
            "Fn::GetAtt": Array [
              "Ami",
              "ImageId",
            ],
          },
          "InstanceInitiatedShutdownBehavior": "terminate",
          "InstanceType": "t3.micro",
          "SecurityGroupIds": Array [
            Object {
              "Fn::GetAtt": Array [
                "SecurityGroupDD263621",
                "GroupId",
              ],
            },
          ],
          "TagSpecifications": Array [
            Object {
              "ResourceType": "instance",
              "Tags": Array [
                Object {
                  "Key": "Name",
                  "Value": "Default/TestStack/LaunchTemplate--SomeOrgMyRepo",
                },
              ],
            },
            Object {
              "ResourceType": "volume",
              "Tags": Array [
                Object {
                  "Key": "Name",
                  "Value": "Default/TestStack/LaunchTemplate--SomeOrgMyRepo",
                },
              ],
            },
          ],
          "UserData": Object {
            "Fn::Base64": "#!/bin/bash

AWS_REGION=eu-north-1
AWS_INSTANCE_TYPE=$(curl http://169.254.169.254/latest/meta-data/instance-type)
GITHUB_TOKEN_SSM_PATH=/github/actions/another-token
RUNNER_SCOPE=some-other-org/my-repo
RUNNER_TIMEOUT=30m
RUNNER_GROUP=default
GITHUB_HOST=github.example.com

RUNNER_WORKDIR=_work

cd /home/ubuntu

deregister_runner() {
  echo \\"Exit signal caught, deregistering runner...\\"
  sudo -u ubuntu ./config.sh remove --unattended --token \\"\${RUNNER_TOKEN}\\"
}

init() {
  GITHUB_TOKEN=$(aws ssm get-parameters --name \${GITHUB_TOKEN_SSM_PATH} --region \${AWS_REGION} --with-decryption | jq -r .Parameters[0].Value)
  AUTH_HEADER=\\"Authorization: token \${GITHUB_TOKEN}\\"
  PARTS=(\${RUNNER_SCOPE//// })
  ORG=\${PARTS[0]}
  REPO=\${PARTS[1]}

  if [[ \${GITHUB_HOST} = \\"github.com\\" ]]; then
    BASE_URI=\\"https://api.\${GITHUB_HOST}\\"
  else
    BASE_URI=\\"https://\${GITHUB_HOST}/api/v3\\"
  fi

  if [[ -z \\"\${REPO}\\" ]]; then
    TOKEN_REGISTRATION_URL=\\"\${BASE_URI}/orgs/\${ORG}/actions/runners/registration-token\\"
  else
    TOKEN_REGISTRATION_URL=\\"\${BASE_URI}/repos/\${ORG}/\${REPO}/actions/runners/registration-token\\"
  fi

  RUNNER_TOKEN=\\"$(sudo -u ubuntu curl -XPOST -fsSL \\\\
    -H \\"Accept: application/vnd.github.v3+json\\" \\\\
    -H \\"\${AUTH_HEADER}\\" \\\\
    \\"\${TOKEN_REGISTRATION_URL}\\" \\\\
    | jq -r '.token')\\"
}

configure() {
  sudo -u ubuntu ./config.sh --url \\"https://\${GITHUB_HOST}/\${RUNNER_SCOPE}\\" \\\\
    --token \\"\${RUNNER_TOKEN}\\" \\\\
    --labels \\"vm:\${AWS_INSTANCE_TYPE}\\" \\\\
    --work \\"\${RUNNER_WORKDIR}\\" \\\\
    --runnergroup \\"\${RUNNER_GROUP}\\" \\\\
    --unattended \\\\
    --ephemeral
}

run() {
  trap deregister_runner SIGINT SIGQUIT SIGTERM INT QUIT TERM
  sudo -u ubuntu timeout --signal=15 \\"\${RUNNER_TIMEOUT}\\" ./run.sh & wait $! && return
  deregister_runner
}

echo \\"Init...\\"
init

echo \\"Configuring...\\"
configure

echo \\"Running...\\"
run

echo \\"Shutting down...\\"
sudo shutdown -h now",
          },
        },
        "LaunchTemplateName": "TestStack/SomeOrgMyRepo",
      },
      "Type": "AWS::EC2::LaunchTemplate",
    },
    "LaunchTemplateSomeOrgMyRepoProfile2245F849": Object {
      "Properties": Object {
        "Roles": Array [
          Object {
            "Ref": "RunnerRoleSomeOrgMyRepo1AD81577",
          },
        ],
      },
      "Type": "AWS::IAM::InstanceProfile",
    },
    "Recipe": Object {
      "Properties": Object {
        "Components": Array [
          Object {
            "ComponentArn": "arn:aws:imagebuilder:eu-north-1:aws:component/update-linux/1.0.0",
          },
          Object {
            "ComponentArn": "arn:aws:imagebuilder:eu-north-1:aws:component/docker-ce-ubuntu/1.0.0",
          },
          Object {
            "ComponentArn": Object {
              "Fn::GetAtt": Array [
                "GithubActionsRunnerComponent",
                "Arn",
              ],
            },
            "Parameters": Array [
              Object {
                "Name": "RunnerVersion",
                "Value": Array [
                  "2.286.0",
                ],
              },
            ],
          },
        ],
        "Name": "TestStack",
        "ParentImage": "arn:aws:imagebuilder:eu-north-1:aws:image/ubuntu-server-20-lts-x86/x.x.x",
        "Version": "0.0.4",
      },
      "Type": "AWS::ImageBuilder::ImageRecipe",
    },
    "RunnerRoleMyOrg9250240A": Object {
      "Properties": Object {
        "AssumeRolePolicyDocument": Object {
          "Statement": Array [
            Object {
              "Action": "sts:AssumeRole",
              "Effect": "Allow",
              "Principal": Object {
                "Service": "ec2.amazonaws.com",
              },
            },
          ],
          "Version": "2012-10-17",
        },
        "Policies": Array [
          Object {
            "PolicyDocument": Object {
              "Statement": Array [
                Object {
                  "Action": "ssm:*",
                  "Effect": "Allow",
                  "Resource": "*",
                },
              ],
              "Version": "2012-10-17",
            },
            "PolicyName": "ssm-policy",
          },
        ],
      },
      "Type": "AWS::IAM::Role",
    },
    "RunnerRoleSomeOrgMyRepo1AD81577": Object {
      "Properties": Object {
        "AssumeRolePolicyDocument": Object {
          "Statement": Array [
            Object {
              "Action": "sts:AssumeRole",
              "Effect": "Allow",
              "Principal": Object {
                "Service": "ec2.amazonaws.com",
              },
            },
          ],
          "Version": "2012-10-17",
        },
        "Policies": Array [
          Object {
            "PolicyDocument": Object {
              "Statement": Array [
                Object {
                  "Action": "ssm:*",
                  "Effect": "Allow",
                  "Resource": "*",
                },
              ],
              "Version": "2012-10-17",
            },
            "PolicyName": "ssm-policy",
          },
        ],
      },
      "Type": "AWS::IAM::Role",
    },
    "SecurityGroupDD263621": Object {
      "Properties": Object {
        "GroupDescription": "Default/TestStack/SecurityGroup",
        "GroupName": "TestStack/Vpc",
        "SecurityGroupEgress": Array [
          Object {
            "CidrIp": "0.0.0.0/0",
            "Description": "Allow all outbound traffic by default",
            "IpProtocol": "-1",
          },
        ],
        "VpcId": Object {
          "Ref": "Vpc8378EB38",
        },
      },
      "Type": "AWS::EC2::SecurityGroup",
    },
    "TestStackWebhookApiGatewayAccount23C86CBC": Object {
      "DependsOn": Array [
        "TestStackWebhookApiGatewayC51D2EB5",
      ],
      "Properties": Object {
        "CloudWatchRoleArn": Object {
          "Fn::GetAtt": Array [
            "TestStackWebhookApiGatewayCloudWatchRole449AD6F9",
            "Arn",
          ],
        },
      },
      "Type": "AWS::ApiGateway::Account",
    },
    "TestStackWebhookApiGatewayC51D2EB5": Object {
      "Properties": Object {
        "Name": "TestStack/WebhookApiGateway",
      },
      "Type": "AWS::ApiGateway::RestApi",
    },
    "TestStackWebhookApiGatewayCloudWatchRole449AD6F9": Object {
      "Properties": Object {
        "AssumeRolePolicyDocument": Object {
          "Statement": Array [
            Object {
              "Action": "sts:AssumeRole",
              "Effect": "Allow",
              "Principal": Object {
                "Service": "apigateway.amazonaws.com",
              },
            },
          ],
          "Version": "2012-10-17",
        },
        "ManagedPolicyArns": Array [
          Object {
            "Fn::Join": Array [
              "",
              Array [
                "arn:",
                Object {
                  "Ref": "AWS::Partition",
                },
                ":iam::aws:policy/service-role/AmazonAPIGatewayPushToCloudWatchLogs",
              ],
            ],
          },
        ],
      },
      "Type": "AWS::IAM::Role",
    },
    "TestStackWebhookApiGatewayDeployment0E355B0B705d76f3b9810e2f5233f975479478b5": Object {
      "DependsOn": Array [
        "TestStackWebhookApiGatewaymyorgPOSTF2B58178",
        "TestStackWebhookApiGatewaymyorgF960E0D5",
        "TestStackWebhookApiGatewaysomeotherorgmyrepoPOSTD23D8C91",
        "TestStackWebhookApiGatewaysomeotherorgmyrepoBBFB7733",
        "TestStackWebhookApiGatewaysomeotherorg4FC24A91",
      ],
      "Properties": Object {
        "Description": "Automatically created by the RestApi construct",
        "RestApiId": Object {
          "Ref": "TestStackWebhookApiGatewayC51D2EB5",
        },
      },
      "Type": "AWS::ApiGateway::Deployment",
    },
    "TestStackWebhookApiGatewayDeploymentStageprodC7D48548": Object {
      "DependsOn": Array [
        "TestStackWebhookApiGatewayAccount23C86CBC",
      ],
      "Properties": Object {
        "DeploymentId": Object {
          "Ref": "TestStackWebhookApiGatewayDeployment0E355B0B705d76f3b9810e2f5233f975479478b5",
        },
        "RestApiId": Object {
          "Ref": "TestStackWebhookApiGatewayC51D2EB5",
        },
        "StageName": "prod",
      },
      "Type": "AWS::ApiGateway::Stage",
    },
    "TestStackWebhookApiGatewaymyorgF960E0D5": Object {
      "Properties": Object {
        "ParentId": Object {
          "Fn::GetAtt": Array [
            "TestStackWebhookApiGatewayC51D2EB5",
            "RootResourceId",
          ],
        },
        "PathPart": "my-org",
        "RestApiId": Object {
          "Ref": "TestStackWebhookApiGatewayC51D2EB5",
        },
      },
      "Type": "AWS::ApiGateway::Resource",
    },
    "TestStackWebhookApiGatewaymyorgPOSTApiPermissionTestStackTestStackWebhookApiGateway1565C3E7POSTmyorg977ABD37": Object {
      "Properties": Object {
        "Action": "lambda:InvokeFunction",
        "FunctionName": Object {
          "Fn::GetAtt": Array [
            "WebhookLambdaMyOrg3C4174E4",
            "Arn",
          ],
        },
        "Principal": "apigateway.amazonaws.com",
        "SourceArn": Object {
          "Fn::Join": Array [
            "",
            Array [
              "arn:",
              Object {
                "Ref": "AWS::Partition",
              },
              ":execute-api:eu-north-1:abc-123:",
              Object {
                "Ref": "TestStackWebhookApiGatewayC51D2EB5",
              },
              "/",
              Object {
                "Ref": "TestStackWebhookApiGatewayDeploymentStageprodC7D48548",
              },
              "/POST/my-org",
            ],
          ],
        },
      },
      "Type": "AWS::Lambda::Permission",
    },
    "TestStackWebhookApiGatewaymyorgPOSTApiPermissionTestTestStackTestStackWebhookApiGateway1565C3E7POSTmyorgC2FEE840": Object {
      "Properties": Object {
        "Action": "lambda:InvokeFunction",
        "FunctionName": Object {
          "Fn::GetAtt": Array [
            "WebhookLambdaMyOrg3C4174E4",
            "Arn",
          ],
        },
        "Principal": "apigateway.amazonaws.com",
        "SourceArn": Object {
          "Fn::Join": Array [
            "",
            Array [
              "arn:",
              Object {
                "Ref": "AWS::Partition",
              },
              ":execute-api:eu-north-1:abc-123:",
              Object {
                "Ref": "TestStackWebhookApiGatewayC51D2EB5",
              },
              "/test-invoke-stage/POST/my-org",
            ],
          ],
        },
      },
      "Type": "AWS::Lambda::Permission",
    },
    "TestStackWebhookApiGatewaymyorgPOSTF2B58178": Object {
      "Properties": Object {
        "AuthorizationType": "NONE",
        "HttpMethod": "POST",
        "Integration": Object {
          "IntegrationHttpMethod": "POST",
          "Type": "AWS_PROXY",
          "Uri": Object {
            "Fn::Join": Array [
              "",
              Array [
                "arn:",
                Object {
                  "Ref": "AWS::Partition",
                },
                ":apigateway:eu-north-1:lambda:path/2015-03-31/functions/",
                Object {
                  "Fn::GetAtt": Array [
                    "WebhookLambdaMyOrg3C4174E4",
                    "Arn",
                  ],
                },
                "/invocations",
              ],
            ],
          },
        },
        "ResourceId": Object {
          "Ref": "TestStackWebhookApiGatewaymyorgF960E0D5",
        },
        "RestApiId": Object {
          "Ref": "TestStackWebhookApiGatewayC51D2EB5",
        },
      },
      "Type": "AWS::ApiGateway::Method",
    },
    "TestStackWebhookApiGatewaysomeotherorg4FC24A91": Object {
      "Properties": Object {
        "ParentId": Object {
          "Fn::GetAtt": Array [
            "TestStackWebhookApiGatewayC51D2EB5",
            "RootResourceId",
          ],
        },
        "PathPart": "some-other-org",
        "RestApiId": Object {
          "Ref": "TestStackWebhookApiGatewayC51D2EB5",
        },
      },
      "Type": "AWS::ApiGateway::Resource",
    },
    "TestStackWebhookApiGatewaysomeotherorgmyrepoBBFB7733": Object {
      "Properties": Object {
        "ParentId": Object {
          "Ref": "TestStackWebhookApiGatewaysomeotherorg4FC24A91",
        },
        "PathPart": "my-repo",
        "RestApiId": Object {
          "Ref": "TestStackWebhookApiGatewayC51D2EB5",
        },
      },
      "Type": "AWS::ApiGateway::Resource",
    },
    "TestStackWebhookApiGatewaysomeotherorgmyrepoPOSTApiPermissionTestStackTestStackWebhookApiGateway1565C3E7POSTsomeotherorgmyrepoEA40A7D9": Object {
      "Properties": Object {
        "Action": "lambda:InvokeFunction",
        "FunctionName": Object {
          "Fn::GetAtt": Array [
            "WebhookLambdaSomeOrgMyRepo095237BA",
            "Arn",
          ],
        },
        "Principal": "apigateway.amazonaws.com",
        "SourceArn": Object {
          "Fn::Join": Array [
            "",
            Array [
              "arn:",
              Object {
                "Ref": "AWS::Partition",
              },
              ":execute-api:eu-north-1:abc-123:",
              Object {
                "Ref": "TestStackWebhookApiGatewayC51D2EB5",
              },
              "/",
              Object {
                "Ref": "TestStackWebhookApiGatewayDeploymentStageprodC7D48548",
              },
              "/POST/some-other-org/my-repo",
            ],
          ],
        },
      },
      "Type": "AWS::Lambda::Permission",
    },
    "TestStackWebhookApiGatewaysomeotherorgmyrepoPOSTApiPermissionTestTestStackTestStackWebhookApiGateway1565C3E7POSTsomeotherorgmyrepo5BE139B0": Object {
      "Properties": Object {
        "Action": "lambda:InvokeFunction",
        "FunctionName": Object {
          "Fn::GetAtt": Array [
            "WebhookLambdaSomeOrgMyRepo095237BA",
            "Arn",
          ],
        },
        "Principal": "apigateway.amazonaws.com",
        "SourceArn": Object {
          "Fn::Join": Array [
            "",
            Array [
              "arn:",
              Object {
                "Ref": "AWS::Partition",
              },
              ":execute-api:eu-north-1:abc-123:",
              Object {
                "Ref": "TestStackWebhookApiGatewayC51D2EB5",
              },
              "/test-invoke-stage/POST/some-other-org/my-repo",
            ],
          ],
        },
      },
      "Type": "AWS::Lambda::Permission",
    },
    "TestStackWebhookApiGatewaysomeotherorgmyrepoPOSTD23D8C91": Object {
      "Properties": Object {
        "AuthorizationType": "NONE",
        "HttpMethod": "POST",
        "Integration": Object {
          "IntegrationHttpMethod": "POST",
          "Type": "AWS_PROXY",
          "Uri": Object {
            "Fn::Join": Array [
              "",
              Array [
                "arn:",
                Object {
                  "Ref": "AWS::Partition",
                },
                ":apigateway:eu-north-1:lambda:path/2015-03-31/functions/",
                Object {
                  "Fn::GetAtt": Array [
                    "WebhookLambdaSomeOrgMyRepo095237BA",
                    "Arn",
                  ],
                },
                "/invocations",
              ],
            ],
          },
        },
        "ResourceId": Object {
          "Ref": "TestStackWebhookApiGatewaysomeotherorgmyrepoBBFB7733",
        },
        "RestApiId": Object {
          "Ref": "TestStackWebhookApiGatewayC51D2EB5",
        },
      },
      "Type": "AWS::ApiGateway::Method",
    },
    "Vpc8378EB38": Object {
      "Properties": Object {
        "CidrBlock": "10.0.0.0/16",
        "EnableDnsHostnames": true,
        "EnableDnsSupport": true,
        "InstanceTenancy": "default",
        "Tags": Array [
          Object {
            "Key": "Name",
            "Value": "TestStack/Vpc",
          },
        ],
      },
      "Type": "AWS::EC2::VPC",
    },
    "VpcIGWD7BA715C": Object {
      "Properties": Object {
        "Tags": Array [
          Object {
            "Key": "Name",
            "Value": "TestStack/Vpc",
          },
        ],
      },
      "Type": "AWS::EC2::InternetGateway",
    },
    "VpcTestStackSubnetPrivateSubnet1DefaultRoute0D62CC49": Object {
      "Properties": Object {
        "DestinationCidrBlock": "0.0.0.0/0",
        "NatGatewayId": Object {
          "Ref": "VpcTestStackSubnetPublicSubnet1NATGateway87C6515D",
        },
        "RouteTableId": Object {
          "Ref": "VpcTestStackSubnetPrivateSubnet1RouteTable95DF4D5A",
        },
      },
      "Type": "AWS::EC2::Route",
    },
    "VpcTestStackSubnetPrivateSubnet1RouteTable95DF4D5A": Object {
      "Properties": Object {
        "Tags": Array [
          Object {
            "Key": "Name",
            "Value": "Default/TestStack/Vpc/TestStack--Subnet--PrivateSubnet1",
          },
        ],
        "VpcId": Object {
          "Ref": "Vpc8378EB38",
        },
      },
      "Type": "AWS::EC2::RouteTable",
    },
    "VpcTestStackSubnetPrivateSubnet1RouteTableAssociation6191BE17": Object {
      "Properties": Object {
        "RouteTableId": Object {
          "Ref": "VpcTestStackSubnetPrivateSubnet1RouteTable95DF4D5A",
        },
        "SubnetId": Object {
          "Ref": "VpcTestStackSubnetPrivateSubnet1SubnetA3F474CA",
        },
      },
      "Type": "AWS::EC2::SubnetRouteTableAssociation",
    },
    "VpcTestStackSubnetPrivateSubnet1SubnetA3F474CA": Object {
      "Properties": Object {
        "AvailabilityZone": "dummy1a",
        "CidrBlock": "10.0.128.0/17",
        "MapPublicIpOnLaunch": false,
        "Tags": Array [
          Object {
            "Key": "aws-cdk:subnet-name",
            "Value": "TestStack/Subnet/Private",
          },
          Object {
            "Key": "aws-cdk:subnet-type",
            "Value": "Private",
          },
          Object {
            "Key": "Name",
            "Value": "Default/TestStack/Vpc/TestStack--Subnet--PrivateSubnet1",
          },
        ],
        "VpcId": Object {
          "Ref": "Vpc8378EB38",
        },
      },
      "Type": "AWS::EC2::Subnet",
    },
    "VpcTestStackSubnetPublicSubnet1DefaultRoute0178ED9D": Object {
      "DependsOn": Array [
        "VpcVPCGWBF912B6E",
      ],
      "Properties": Object {
        "DestinationCidrBlock": "0.0.0.0/0",
        "GatewayId": Object {
          "Ref": "VpcIGWD7BA715C",
        },
        "RouteTableId": Object {
          "Ref": "VpcTestStackSubnetPublicSubnet1RouteTable09DFF1F6",
        },
      },
      "Type": "AWS::EC2::Route",
    },
    "VpcTestStackSubnetPublicSubnet1EIP82059DD7": Object {
      "Properties": Object {
        "Domain": "vpc",
        "Tags": Array [
          Object {
            "Key": "Name",
            "Value": "Default/TestStack/Vpc/TestStack--Subnet--PublicSubnet1",
          },
        ],
      },
      "Type": "AWS::EC2::EIP",
    },
    "VpcTestStackSubnetPublicSubnet1NATGateway87C6515D": Object {
      "Properties": Object {
        "AllocationId": Object {
          "Fn::GetAtt": Array [
            "VpcTestStackSubnetPublicSubnet1EIP82059DD7",
            "AllocationId",
          ],
        },
        "SubnetId": Object {
          "Ref": "VpcTestStackSubnetPublicSubnet1SubnetDCD4A9BB",
        },
        "Tags": Array [
          Object {
            "Key": "Name",
            "Value": "Default/TestStack/Vpc/TestStack--Subnet--PublicSubnet1",
          },
        ],
      },
      "Type": "AWS::EC2::NatGateway",
    },
    "VpcTestStackSubnetPublicSubnet1RouteTable09DFF1F6": Object {
      "Properties": Object {
        "Tags": Array [
          Object {
            "Key": "Name",
            "Value": "Default/TestStack/Vpc/TestStack--Subnet--PublicSubnet1",
          },
        ],
        "VpcId": Object {
          "Ref": "Vpc8378EB38",
        },
      },
      "Type": "AWS::EC2::RouteTable",
    },
    "VpcTestStackSubnetPublicSubnet1RouteTableAssociationD4A5F9A4": Object {
      "Properties": Object {
        "RouteTableId": Object {
          "Ref": "VpcTestStackSubnetPublicSubnet1RouteTable09DFF1F6",
        },
        "SubnetId": Object {
          "Ref": "VpcTestStackSubnetPublicSubnet1SubnetDCD4A9BB",
        },
      },
      "Type": "AWS::EC2::SubnetRouteTableAssociation",
    },
    "VpcTestStackSubnetPublicSubnet1SubnetDCD4A9BB": Object {
      "Properties": Object {
        "AvailabilityZone": "dummy1a",
        "CidrBlock": "10.0.0.0/17",
        "MapPublicIpOnLaunch": true,
        "Tags": Array [
          Object {
            "Key": "aws-cdk:subnet-name",
            "Value": "TestStack/Subnet/Public",
          },
          Object {
            "Key": "aws-cdk:subnet-type",
            "Value": "Public",
          },
          Object {
            "Key": "Name",
            "Value": "Default/TestStack/Vpc/TestStack--Subnet--PublicSubnet1",
          },
        ],
        "VpcId": Object {
          "Ref": "Vpc8378EB38",
        },
      },
      "Type": "AWS::EC2::Subnet",
    },
    "VpcVPCGWBF912B6E": Object {
      "Properties": Object {
        "InternetGatewayId": Object {
          "Ref": "VpcIGWD7BA715C",
        },
        "VpcId": Object {
          "Ref": "Vpc8378EB38",
        },
      },
      "Type": "AWS::EC2::VPCGatewayAttachment",
    },
    "WebhookLambdaMyOrg3C4174E4": Object {
      "DependsOn": Array [
        "WebhookLambdaMyOrgServiceRole601CB6C3",
      ],
      "Properties": Object {
        "Code": Object {
          "S3Bucket": "cdk-hnb659fds-assets-abc-123-eu-north-1",
          "S3Key": "cdf441ee68e3b0805fd6e37d57f55fa7704bef0263e65ee55b478b48153e67de.zip",
        },
        "Environment": Object {
          "Variables": Object {
            "scope": "my-org",
            "spot": "true",
            "subnetId": Object {
              "Ref": "VpcTestStackSubnetPrivateSubnet1SubnetA3F474CA",
            },
            "templateId": Object {
              "Ref": "LaunchTemplateMyOrgF14569C9",
            },
            "templateVersion": Object {
              "Fn::GetAtt": Array [
                "LaunchTemplateMyOrgF14569C9",
                "LatestVersionNumber",
              ],
            },
            "webhookSecretSsmArn": "arn:aws:ssm:eu-north-1:abc-123:parameter/github/webhook/secret",
            "webhookSecretSsmPath": "/github/webhook/secret",
          },
        },
        "Handler": "handler.handler",
        "Role": Object {
          "Fn::GetAtt": Array [
            "WebhookLambdaMyOrgServiceRole601CB6C3",
            "Arn",
          ],
        },
        "Runtime": "nodejs14.x",
      },
      "Type": "AWS::Lambda::Function",
    },
    "WebhookLambdaMyOrgServiceRole601CB6C3": Object {
      "Properties": Object {
        "AssumeRolePolicyDocument": Object {
          "Statement": Array [
            Object {
              "Action": "sts:AssumeRole",
              "Effect": "Allow",
              "Principal": Object {
                "Service": "lambda.amazonaws.com",
              },
            },
          ],
          "Version": "2012-10-17",
        },
        "ManagedPolicyArns": Array [
          Object {
            "Fn::Join": Array [
              "",
              Array [
                "arn:",
                Object {
                  "Ref": "AWS::Partition",
                },
                ":iam::aws:policy/service-role/AWSLambdaBasicExecutionRole",
              ],
            ],
          },
        ],
      },
      "Type": "AWS::IAM::Role",
    },
    "WebhookLambdaSomeOrgMyRepo095237BA": Object {
      "DependsOn": Array [
        "WebhookLambdaSomeOrgMyRepoServiceRole44487B8B",
      ],
      "Properties": Object {
        "Code": Object {
          "S3Bucket": "cdk-hnb659fds-assets-abc-123-eu-north-1",
          "S3Key": "cdf441ee68e3b0805fd6e37d57f55fa7704bef0263e65ee55b478b48153e67de.zip",
        },
        "Environment": Object {
          "Variables": Object {
            "scope": "some-other-org/my-repo",
            "spot": "false",
            "subnetId": Object {
              "Ref": "VpcTestStackSubnetPrivateSubnet1SubnetA3F474CA",
            },
            "templateId": Object {
              "Ref": "LaunchTemplateSomeOrgMyRepo0DDCFE75",
            },
            "templateVersion": Object {
              "Fn::GetAtt": Array [
                "LaunchTemplateSomeOrgMyRepo0DDCFE75",
                "LatestVersionNumber",
              ],
            },
            "webhookSecretSsmArn": "arn:aws:ssm:eu-north-1:abc-123:parameter/github/webhook/another-secret",
            "webhookSecretSsmPath": "/github/webhook/another-secret",
          },
        },
        "Handler": "handler.handler",
        "Role": Object {
          "Fn::GetAtt": Array [
            "WebhookLambdaSomeOrgMyRepoServiceRole44487B8B",
            "Arn",
          ],
        },
        "Runtime": "nodejs14.x",
      },
      "Type": "AWS::Lambda::Function",
    },
    "WebhookLambdaSomeOrgMyRepoServiceRole44487B8B": Object {
      "Properties": Object {
        "AssumeRolePolicyDocument": Object {
          "Statement": Array [
            Object {
              "Action": "sts:AssumeRole",
              "Effect": "Allow",
              "Principal": Object {
                "Service": "lambda.amazonaws.com",
              },
            },
          ],
          "Version": "2012-10-17",
        },
        "ManagedPolicyArns": Array [
          Object {
            "Fn::Join": Array [
              "",
              Array [
                "arn:",
                Object {
                  "Ref": "AWS::Partition",
                },
                ":iam::aws:policy/service-role/AWSLambdaBasicExecutionRole",
              ],
            ],
          },
        ],
      },
      "Type": "AWS::IAM::Role",
    },
  },
  "Rules": Object {
    "CheckBootstrapVersion": Object {
      "Assertions": Array [
        Object {
          "Assert": Object {
            "Fn::Not": Array [
              Object {
                "Fn::Contains": Array [
                  Array [
                    "1",
                    "2",
                    "3",
                    "4",
                    "5",
                  ],
                  Object {
                    "Ref": "BootstrapVersion",
                  },
                ],
              },
            ],
          },
          "AssertDescription": "CDK bootstrap stack version 6 required. Please run 'cdk bootstrap' with a recent version of the CDK CLI.",
        },
      ],
    },
  },
}
`;
